Unity Editor version:    6000.3.11f1 (3000ef702840)
Branch:                  6000.3/staging
Build type:              Release
Batch mode:              YES
macOS version:           Version 26.4 (Build 25E246)
Darwin version:          25.4.0
Architecture:            arm64
Running under Rosetta:   NO
Available memory:        32768 MB
Date:                    2026-06-15T13:20:59Z
[Licensing::Module] Trying to connect to existing licensing client channel...
[Licensing::IpcConnector] Successfully connected to: "LicenseClient-andou" at "2026-06-15T13:20:59.68344Z"
[Licensing::Client] Handshaking with LicensingClient:
  Version:                 1.18.0+23225a6
  Session Id:              63d7837531264e72acb1124b459e788b
  Correlation Id:          3d393f45d183ce2d9ec349d0008ade86
  External correlation Id: 5925824021875820032
  Machine Id:              zyBS9e6+K4uAoM/sx6nCKjFvybg=
[Licensing::Module] Successfully connected to LicensingClient on channel: "LicenseClient-andou" (connect: 0.00s, validation: 0.00s, handshake: 0.02s)
[Licensing::IpcConnector] Successfully connected to: "LicenseClient-andou-notifications" at "2026-06-15T13:20:59.706768Z"
[Licensing::Module] Error: Access token is unavailable; failed to update
[Licensing::Client] Successfully resolved entitlement details
[Licensing::Module] License group:
  Id: 15669209694360-UnityPersXXXX
  Product: Unity Personal
  Type: Assigned
  Expiration: Unlimited
[Licensing::Client] Successfully updated license, isAsync: True, time: 0.00
[Licensing::Client] Successfully resolved entitlement details
[Licensing::Module] Licensing Background thread has ended after 0.03s
Launching external process: /Applications/Unity/Unity-6000.3.11f1/Unity.app/Contents/Resources/PackageManager/Server/UnityPackageManager

COMMAND LINE ARGUMENTS:
/Applications/Unity/Unity-6000.3.11f1/Unity.app/Contents/MacOS/Unity
-batchmode
-quit
-projectPath
/Users/andou/Desktop/あ/game-creation/WitchTowerGame
-logFile
/Users/andou/Desktop/あ/game-creation/tools/reports/retire_button_compile.log
Successfully changed project path to: /Users/andou/Desktop/あ/game-creation/WitchTowerGame
/Users/andou/Desktop/あ/game-creation/WitchTowerGame
[Package Manager] Server process was shutdown
